<html>
<body>
<pre>
<h1>µVision Build Log</h1>
<h2>Tool Versions:</h2>
IDE-Version: ¦ÌVision V5.39.0.0
Copyright (C) 2023 ARM Ltd and ARM Germany GmbH. All rights reserved.
License Information: 1 8618515796969, 1, LIC=KRMW3-AP2EN-JJ46S-LJNMT-H5EIM-SWT9Z
 
Tool Versions:
Toolchain:       MDK-ARM Plus  Version: 5.39.0.0
Toolchain Path:  D:\keil\ARM\ARMCC\Bin
C Compiler:      Armcc.exe V5.06 update 7 (build 960)
Assembler:       Armasm.exe V5.06 update 7 (build 960)
Linker/Locator:  ArmLink.exe V5.06 update 7 (build 960)
Library Manager: ArmAr.exe V5.06 update 7 (build 960)
Hex Converter:   FromElf.exe V5.06 update 7 (build 960)
CPU DLL:         SARMCM3.DLL V5.39.0.0
Dialog DLL:      DCM.DLL V1.17.5.0
Target DLL:      Segger\JL2CM3.dll V2.99.43.0
Dialog DLL:      TCM.DLL V1.56.4.0
 
<h2>Project:</h2>
E:\×ÀÃæ\stm32f103_project\tinyOS.uvprojx
Project File Date:  09/09/2024

<h2>Output:</h2>
*** Using Compiler 'V5.06 update 7 (build 960)', folder: 'D:\keil\ARM\ARMCC\Bin'
Build target 'Target 1'
compiling tBitmap.c...
compiling tList.c...
compiling tHooks.c...
compiling tMemBlock.c...
compiling tMBox.c...
compiling tFlagGroup.c...
compiling app.c...
compiling tMutex.c...
compiling tEvent.c...
compiling main.c...
compiling tSem.c...
assembling startup_stm32f10x_hd_vl.s...
compiling tTime.c...
compiling tTask.c...
Source\tTask.c(21): warning:  #223-D: function "memset" declared implicitly
      memset(stack, 0, size);
Source\tTask.c: 1 warning, 0 errors
compiling tTimer.c...
compiling switch.c...
compiling tCpu.c...
compiling system_stm32f10x.c...
linking...
Program Size: Code=2532 RO-data=596 RW-data=68 ZI-data=22908  
".\Objects\tinyOS.axf" - 0 Error(s), 1 Warning(s).

<h2>Software Packages used:</h2>

Package Vendor: ARM
                http://www.keil.com/pack/ARM.CMSIS.5.9.0.pack
                ARM::CMSIS@5.9.0
                CMSIS (Common Microcontroller Software Interface Standard)
   * Component: CORE Version: 5.6.0

Package Vendor: Keil
                http://www.keil.com/pack/Keil.STM32F1xx_DFP.2.3.0.pack
                Keil::STM32F1xx_DFP@2.3.0
                STMicroelectronics STM32F1 Series Device Support, Drivers and Examples
   * Component: Startup Version: 1.0.0

<h2>Collection of Component include folders:</h2>
  ./RTE/Device/STM32F100RC
  ./RTE/_Target_1
  D:/keil/ARM/CMSIS/5.9.0/CMSIS/Core/Include
  D:/keil/Keil/STM32F1xx_DFP/2.3.0/Device/Include

<h2>Collection of Component Files used:</h2>

   * Component: ARM::CMSIS:CORE@5.6.0

   * Component: Keil::Device:Startup@1.0.0
      Source file:   Device/Source/ARM/startup_stm32f10x_hd_vl.s
      Source file:   Device/Source/ARM/STM32F1xx_OPT.s
      Source file:   Device/Source/system_stm32f10x.c
      Include file:  RTE_Driver/Config/RTE_Device.h
Build Time Elapsed:  00:00:01
</pre>
</body>
</html>
