<!doctype html public "-//w3c//dtd html 4.0 transitional//en">
<html><head>
<title>Static Call Graph - [.\Objects\tinyOS.axf]</title></head>
<body><HR>
<H1>Static Call Graph for image .\Objects\tinyOS.axf</H1><HR>
<BR><P>#&#060CALLGRAPH&#062# ARM Linker, 5060960: Last Updated: Mon Sep 09 08:21:32 2024
<BR><P>
<H3>Maximum Stack Usage =         60 bytes + Unknown(Functions without stacksize, Cycles, Untraceable Function Pointers)</H3><H3>
Call chain for Maximum Stack Depth:</H3>
SysTick_Handler &rArr; tTaskSystemTickHandler &rArr; tTaskSched &rArr; tTaskHighestReady &rArr; tBitmapGetFirstSet
<P>
<H3>
Functions with no stack information
</H3><UL>
 <LI><a href="#[4b]">__user_initial_stackheap</a>
</UL>
</UL>
<P>
<H3>
Mutually Recursive functions
</H3> <LI><a href="#[4]">NMI_Handler</a>&nbsp;&nbsp;&nbsp;&rArr;&nbsp;&nbsp;&nbsp;<a href="#[4]">NMI_Handler</a><BR>
 <LI><a href="#[5]">HardFault_Handler</a>&nbsp;&nbsp;&nbsp;&rArr;&nbsp;&nbsp;&nbsp;<a href="#[5]">HardFault_Handler</a><BR>
 <LI><a href="#[6]">MemManage_Handler</a>&nbsp;&nbsp;&nbsp;&rArr;&nbsp;&nbsp;&nbsp;<a href="#[6]">MemManage_Handler</a><BR>
 <LI><a href="#[7]">BusFault_Handler</a>&nbsp;&nbsp;&nbsp;&rArr;&nbsp;&nbsp;&nbsp;<a href="#[7]">BusFault_Handler</a><BR>
 <LI><a href="#[8]">UsageFault_Handler</a>&nbsp;&nbsp;&nbsp;&rArr;&nbsp;&nbsp;&nbsp;<a href="#[8]">UsageFault_Handler</a><BR>
 <LI><a href="#[9]">SVC_Handler</a>&nbsp;&nbsp;&nbsp;&rArr;&nbsp;&nbsp;&nbsp;<a href="#[9]">SVC_Handler</a><BR>
 <LI><a href="#[a]">DebugMon_Handler</a>&nbsp;&nbsp;&nbsp;&rArr;&nbsp;&nbsp;&nbsp;<a href="#[a]">DebugMon_Handler</a><BR>
 <LI><a href="#[1f]">ADC1_IRQHandler</a>&nbsp;&nbsp;&nbsp;&rArr;&nbsp;&nbsp;&nbsp;<a href="#[1f]">ADC1_IRQHandler</a><BR>
</UL>
<P>
<H3>
Function Pointers
</H3><UL>
 <LI><a href="#[1f]">ADC1_IRQHandler</a> from startup_stm32f10x_hd_vl.o(.text) referenced from startup_stm32f10x_hd_vl.o(RESET)
 <LI><a href="#[7]">BusFault_Handler</a> from startup_stm32f10x_hd_vl.o(.text) referenced from startup_stm32f10x_hd_vl.o(RESET)
 <LI><a href="#[33]">CEC_IRQHandler</a> from startup_stm32f10x_hd_vl.o(.text) referenced from startup_stm32f10x_hd_vl.o(RESET)
 <LI><a href="#[18]">DMA1_Channel1_IRQHandler</a> from startup_stm32f10x_hd_vl.o(.text) referenced from startup_stm32f10x_hd_vl.o(RESET)
 <LI><a href="#[19]">DMA1_Channel2_IRQHandler</a> from startup_stm32f10x_hd_vl.o(.text) referenced from startup_stm32f10x_hd_vl.o(RESET)
 <LI><a href="#[1a]">DMA1_Channel3_IRQHandler</a> from startup_stm32f10x_hd_vl.o(.text) referenced from startup_stm32f10x_hd_vl.o(RESET)
 <LI><a href="#[1b]">DMA1_Channel4_IRQHandler</a> from startup_stm32f10x_hd_vl.o(.text) referenced from startup_stm32f10x_hd_vl.o(RESET)
 <LI><a href="#[1c]">DMA1_Channel5_IRQHandler</a> from startup_stm32f10x_hd_vl.o(.text) referenced from startup_stm32f10x_hd_vl.o(RESET)
 <LI><a href="#[1d]">DMA1_Channel6_IRQHandler</a> from startup_stm32f10x_hd_vl.o(.text) referenced from startup_stm32f10x_hd_vl.o(RESET)
 <LI><a href="#[1e]">DMA1_Channel7_IRQHandler</a> from startup_stm32f10x_hd_vl.o(.text) referenced from startup_stm32f10x_hd_vl.o(RESET)
 <LI><a href="#[3d]">DMA2_Channel1_IRQHandler</a> from startup_stm32f10x_hd_vl.o(.text) referenced from startup_stm32f10x_hd_vl.o(RESET)
 <LI><a href="#[3e]">DMA2_Channel2_IRQHandler</a> from startup_stm32f10x_hd_vl.o(.text) referenced from startup_stm32f10x_hd_vl.o(RESET)
 <LI><a href="#[3f]">DMA2_Channel3_IRQHandler</a> from startup_stm32f10x_hd_vl.o(.text) referenced from startup_stm32f10x_hd_vl.o(RESET)
 <LI><a href="#[40]">DMA2_Channel4_5_IRQHandler</a> from startup_stm32f10x_hd_vl.o(.text) referenced from startup_stm32f10x_hd_vl.o(RESET)
 <LI><a href="#[41]">DMA2_Channel5_IRQHandler</a> from startup_stm32f10x_hd_vl.o(.text) referenced from startup_stm32f10x_hd_vl.o(RESET)
 <LI><a href="#[a]">DebugMon_Handler</a> from startup_stm32f10x_hd_vl.o(.text) referenced from startup_stm32f10x_hd_vl.o(RESET)
 <LI><a href="#[13]">EXTI0_IRQHandler</a> from startup_stm32f10x_hd_vl.o(.text) referenced from startup_stm32f10x_hd_vl.o(RESET)
 <LI><a href="#[31]">EXTI15_10_IRQHandler</a> from startup_stm32f10x_hd_vl.o(.text) referenced from startup_stm32f10x_hd_vl.o(RESET)
 <LI><a href="#[14]">EXTI1_IRQHandler</a> from startup_stm32f10x_hd_vl.o(.text) referenced from startup_stm32f10x_hd_vl.o(RESET)
 <LI><a href="#[15]">EXTI2_IRQHandler</a> from startup_stm32f10x_hd_vl.o(.text) referenced from startup_stm32f10x_hd_vl.o(RESET)
 <LI><a href="#[16]">EXTI3_IRQHandler</a> from startup_stm32f10x_hd_vl.o(.text) referenced from startup_stm32f10x_hd_vl.o(RESET)
 <LI><a href="#[17]">EXTI4_IRQHandler</a> from startup_stm32f10x_hd_vl.o(.text) referenced from startup_stm32f10x_hd_vl.o(RESET)
 <LI><a href="#[20]">EXTI9_5_IRQHandler</a> from startup_stm32f10x_hd_vl.o(.text) referenced from startup_stm32f10x_hd_vl.o(RESET)
 <LI><a href="#[11]">FLASH_IRQHandler</a> from startup_stm32f10x_hd_vl.o(.text) referenced from startup_stm32f10x_hd_vl.o(RESET)
 <LI><a href="#[5]">HardFault_Handler</a> from startup_stm32f10x_hd_vl.o(.text) referenced from startup_stm32f10x_hd_vl.o(RESET)
 <LI><a href="#[29]">I2C1_ER_IRQHandler</a> from startup_stm32f10x_hd_vl.o(.text) referenced from startup_stm32f10x_hd_vl.o(RESET)
 <LI><a href="#[28]">I2C1_EV_IRQHandler</a> from startup_stm32f10x_hd_vl.o(.text) referenced from startup_stm32f10x_hd_vl.o(RESET)
 <LI><a href="#[2b]">I2C2_ER_IRQHandler</a> from startup_stm32f10x_hd_vl.o(.text) referenced from startup_stm32f10x_hd_vl.o(RESET)
 <LI><a href="#[2a]">I2C2_EV_IRQHandler</a> from startup_stm32f10x_hd_vl.o(.text) referenced from startup_stm32f10x_hd_vl.o(RESET)
 <LI><a href="#[6]">MemManage_Handler</a> from startup_stm32f10x_hd_vl.o(.text) referenced from startup_stm32f10x_hd_vl.o(RESET)
 <LI><a href="#[4]">NMI_Handler</a> from startup_stm32f10x_hd_vl.o(.text) referenced from startup_stm32f10x_hd_vl.o(RESET)
 <LI><a href="#[e]">PVD_IRQHandler</a> from startup_stm32f10x_hd_vl.o(.text) referenced from startup_stm32f10x_hd_vl.o(RESET)
 <LI><a href="#[b]">PendSV_Handler</a> from switch.o(.emb_text) referenced from startup_stm32f10x_hd_vl.o(RESET)
 <LI><a href="#[12]">RCC_IRQHandler</a> from startup_stm32f10x_hd_vl.o(.text) referenced from startup_stm32f10x_hd_vl.o(RESET)
 <LI><a href="#[32]">RTCAlarm_IRQHandler</a> from startup_stm32f10x_hd_vl.o(.text) referenced from startup_stm32f10x_hd_vl.o(RESET)
 <LI><a href="#[10]">RTC_IRQHandler</a> from startup_stm32f10x_hd_vl.o(.text) referenced from startup_stm32f10x_hd_vl.o(RESET)
 <LI><a href="#[49]">Reset_Handler</a> from startup_stm32f10x_hd_vl.o(.text) referenced from startup_stm32f10x_hd_vl.o(RESET)
 <LI><a href="#[2c]">SPI1_IRQHandler</a> from startup_stm32f10x_hd_vl.o(.text) referenced from startup_stm32f10x_hd_vl.o(RESET)
 <LI><a href="#[2d]">SPI2_IRQHandler</a> from startup_stm32f10x_hd_vl.o(.text) referenced from startup_stm32f10x_hd_vl.o(RESET)
 <LI><a href="#[38]">SPI3_IRQHandler</a> from startup_stm32f10x_hd_vl.o(.text) referenced from startup_stm32f10x_hd_vl.o(RESET)
 <LI><a href="#[9]">SVC_Handler</a> from startup_stm32f10x_hd_vl.o(.text) referenced from startup_stm32f10x_hd_vl.o(RESET)
 <LI><a href="#[c]">SysTick_Handler</a> from tcpu.o(i.SysTick_Handler) referenced from startup_stm32f10x_hd_vl.o(RESET)
 <LI><a href="#[42]">SystemInit</a> from system_stm32f10x.o(i.SystemInit) referenced from startup_stm32f10x_hd_vl.o(.text)
 <LI><a href="#[f]">TAMPER_IRQHandler</a> from startup_stm32f10x_hd_vl.o(.text) referenced from startup_stm32f10x_hd_vl.o(RESET)
 <LI><a href="#[34]">TIM12_IRQHandler</a> from startup_stm32f10x_hd_vl.o(.text) referenced from startup_stm32f10x_hd_vl.o(RESET)
 <LI><a href="#[35]">TIM13_IRQHandler</a> from startup_stm32f10x_hd_vl.o(.text) referenced from startup_stm32f10x_hd_vl.o(RESET)
 <LI><a href="#[36]">TIM14_IRQHandler</a> from startup_stm32f10x_hd_vl.o(.text) referenced from startup_stm32f10x_hd_vl.o(RESET)
 <LI><a href="#[21]">TIM1_BRK_TIM15_IRQHandler</a> from startup_stm32f10x_hd_vl.o(.text) referenced from startup_stm32f10x_hd_vl.o(RESET)
 <LI><a href="#[24]">TIM1_CC_IRQHandler</a> from startup_stm32f10x_hd_vl.o(.text) referenced from startup_stm32f10x_hd_vl.o(RESET)
 <LI><a href="#[23]">TIM1_TRG_COM_TIM17_IRQHandler</a> from startup_stm32f10x_hd_vl.o(.text) referenced from startup_stm32f10x_hd_vl.o(RESET)
 <LI><a href="#[22]">TIM1_UP_TIM16_IRQHandler</a> from startup_stm32f10x_hd_vl.o(.text) referenced from startup_stm32f10x_hd_vl.o(RESET)
 <LI><a href="#[25]">TIM2_IRQHandler</a> from startup_stm32f10x_hd_vl.o(.text) referenced from startup_stm32f10x_hd_vl.o(RESET)
 <LI><a href="#[26]">TIM3_IRQHandler</a> from startup_stm32f10x_hd_vl.o(.text) referenced from startup_stm32f10x_hd_vl.o(RESET)
 <LI><a href="#[27]">TIM4_IRQHandler</a> from startup_stm32f10x_hd_vl.o(.text) referenced from startup_stm32f10x_hd_vl.o(RESET)
 <LI><a href="#[37]">TIM5_IRQHandler</a> from startup_stm32f10x_hd_vl.o(.text) referenced from startup_stm32f10x_hd_vl.o(RESET)
 <LI><a href="#[3b]">TIM6_DAC_IRQHandler</a> from startup_stm32f10x_hd_vl.o(.text) referenced from startup_stm32f10x_hd_vl.o(RESET)
 <LI><a href="#[3c]">TIM7_IRQHandler</a> from startup_stm32f10x_hd_vl.o(.text) referenced from startup_stm32f10x_hd_vl.o(RESET)
 <LI><a href="#[39]">UART4_IRQHandler</a> from startup_stm32f10x_hd_vl.o(.text) referenced from startup_stm32f10x_hd_vl.o(RESET)
 <LI><a href="#[3a]">UART5_IRQHandler</a> from startup_stm32f10x_hd_vl.o(.text) referenced from startup_stm32f10x_hd_vl.o(RESET)
 <LI><a href="#[2e]">USART1_IRQHandler</a> from startup_stm32f10x_hd_vl.o(.text) referenced from startup_stm32f10x_hd_vl.o(RESET)
 <LI><a href="#[2f]">USART2_IRQHandler</a> from startup_stm32f10x_hd_vl.o(.text) referenced from startup_stm32f10x_hd_vl.o(RESET)
 <LI><a href="#[30]">USART3_IRQHandler</a> from startup_stm32f10x_hd_vl.o(.text) referenced from startup_stm32f10x_hd_vl.o(RESET)
 <LI><a href="#[8]">UsageFault_Handler</a> from startup_stm32f10x_hd_vl.o(.text) referenced from startup_stm32f10x_hd_vl.o(RESET)
 <LI><a href="#[d]">WWDG_IRQHandler</a> from startup_stm32f10x_hd_vl.o(.text) referenced from startup_stm32f10x_hd_vl.o(RESET)
 <LI><a href="#[4a]">__main</a> from __main.o(!!!main) referenced from startup_stm32f10x_hd_vl.o(.text)
 <LI><a href="#[44]">idleTaskEntry</a> from main.o(i.idleTaskEntry) referenced from main.o(i.main)
 <LI><a href="#[45]">task1Entry</a> from app.o(i.task1Entry) referenced from app.o(i.tInitApp)
 <LI><a href="#[46]">task2Entry</a> from app.o(i.task2Entry) referenced from app.o(i.tInitApp)
 <LI><a href="#[47]">task3Entry</a> from app.o(i.task3Entry) referenced from app.o(i.tInitApp)
 <LI><a href="#[48]">task4Entry</a> from app.o(i.task4Entry) referenced from app.o(i.tInitApp)
</UL>
<P>
<H3>
Global Symbols
</H3>
<P><STRONG><a name="[4a]"></a>__main</STRONG> (Thumb, 8 bytes, Stack size 0 bytes, __main.o(!!!main))
<BR><BR>[Calls]<UL><LI><a href="#[4d]">&gt;&gt;</a>&nbsp;&nbsp;&nbsp;__rt_entry
<LI><a href="#[4c]">&gt;&gt;</a>&nbsp;&nbsp;&nbsp;__scatterload
</UL>

<P><STRONG><a name="[4c]"></a>__scatterload</STRONG> (Thumb, 0 bytes, Stack size unknown bytes, __scatter.o(!!!scatter))
<BR><BR>[Called By]<UL><LI><a href="#[4a]">&gt;&gt;</a>&nbsp;&nbsp;&nbsp;__main
</UL>

<P><STRONG><a name="[4e]"></a>__scatterload_rt2</STRONG> (Thumb, 44 bytes, Stack size unknown bytes, __scatter.o(!!!scatter), UNUSED)
<BR><BR>[Calls]<UL><LI><a href="#[4d]">&gt;&gt;</a>&nbsp;&nbsp;&nbsp;__rt_entry
</UL>

<P><STRONG><a name="[85]"></a>__scatterload_rt2_thumb_only</STRONG> (Thumb, 0 bytes, Stack size unknown bytes, __scatter.o(!!!scatter), UNUSED)

<P><STRONG><a name="[86]"></a>__scatterload_null</STRONG> (Thumb, 0 bytes, Stack size unknown bytes, __scatter.o(!!!scatter), UNUSED)

<P><STRONG><a name="[4f]"></a>__scatterload_copy</STRONG> (Thumb, 26 bytes, Stack size unknown bytes, __scatter_copy.o(!!handler_copy), UNUSED)
<BR><BR>[Calls]<UL><LI><a href="#[4f]">&gt;&gt;</a>&nbsp;&nbsp;&nbsp;__scatterload_copy
</UL>
<BR>[Called By]<UL><LI><a href="#[4f]">&gt;&gt;</a>&nbsp;&nbsp;&nbsp;__scatterload_copy
</UL>

<P><STRONG><a name="[87]"></a>__scatterload_zeroinit</STRONG> (Thumb, 28 bytes, Stack size unknown bytes, __scatter_zi.o(!!handler_zi), UNUSED)

<P><STRONG><a name="[53]"></a>__rt_lib_init</STRONG> (Thumb, 0 bytes, Stack size unknown bytes, libinit.o(.ARM.Collect$$libinit$$00000000))
<BR><BR>[Called By]<UL><LI><a href="#[52]">&gt;&gt;</a>&nbsp;&nbsp;&nbsp;__rt_entry_li
</UL>

<P><STRONG><a name="[88]"></a>__rt_lib_init_alloca_1</STRONG> (Thumb, 0 bytes, Stack size unknown bytes, libinit2.o(.ARM.Collect$$libinit$$0000002E))

<P><STRONG><a name="[89]"></a>__rt_lib_init_argv_1</STRONG> (Thumb, 0 bytes, Stack size unknown bytes, libinit2.o(.ARM.Collect$$libinit$$0000002C))

<P><STRONG><a name="[8a]"></a>__rt_lib_init_atexit_1</STRONG> (Thumb, 0 bytes, Stack size unknown bytes, libinit2.o(.ARM.Collect$$libinit$$0000001B))

<P><STRONG><a name="[8b]"></a>__rt_lib_init_clock_1</STRONG> (Thumb, 0 bytes, Stack size unknown bytes, libinit2.o(.ARM.Collect$$libinit$$00000021))

<P><STRONG><a name="[8c]"></a>__rt_lib_init_cpp_1</STRONG> (Thumb, 0 bytes, Stack size unknown bytes, libinit2.o(.ARM.Collect$$libinit$$00000032))

<P><STRONG><a name="[8d]"></a>__rt_lib_init_exceptions_1</STRONG> (Thumb, 0 bytes, Stack size unknown bytes, libinit2.o(.ARM.Collect$$libinit$$00000030))

<P><STRONG><a name="[8e]"></a>__rt_lib_init_fp_1</STRONG> (Thumb, 0 bytes, Stack size unknown bytes, libinit2.o(.ARM.Collect$$libinit$$00000002))

<P><STRONG><a name="[8f]"></a>__rt_lib_init_fp_trap_1</STRONG> (Thumb, 0 bytes, Stack size unknown bytes, libinit2.o(.ARM.Collect$$libinit$$0000001F))

<P><STRONG><a name="[90]"></a>__rt_lib_init_getenv_1</STRONG> (Thumb, 0 bytes, Stack size unknown bytes, libinit2.o(.ARM.Collect$$libinit$$00000023))

<P><STRONG><a name="[91]"></a>__rt_lib_init_heap_1</STRONG> (Thumb, 0 bytes, Stack size unknown bytes, libinit2.o(.ARM.Collect$$libinit$$0000000A))

<P><STRONG><a name="[92]"></a>__rt_lib_init_lc_collate_1</STRONG> (Thumb, 0 bytes, Stack size unknown bytes, libinit2.o(.ARM.Collect$$libinit$$00000011))

<P><STRONG><a name="[93]"></a>__rt_lib_init_lc_ctype_1</STRONG> (Thumb, 0 bytes, Stack size unknown bytes, libinit2.o(.ARM.Collect$$libinit$$00000013))

<P><STRONG><a name="[94]"></a>__rt_lib_init_lc_monetary_1</STRONG> (Thumb, 0 bytes, Stack size unknown bytes, libinit2.o(.ARM.Collect$$libinit$$00000015))

<P><STRONG><a name="[95]"></a>__rt_lib_init_lc_numeric_1</STRONG> (Thumb, 0 bytes, Stack size unknown bytes, libinit2.o(.ARM.Collect$$libinit$$00000017))

<P><STRONG><a name="[96]"></a>__rt_lib_init_lc_time_1</STRONG> (Thumb, 0 bytes, Stack size unknown bytes, libinit2.o(.ARM.Collect$$libinit$$00000019))

<P><STRONG><a name="[97]"></a>__rt_lib_init_preinit_1</STRONG> (Thumb, 0 bytes, Stack size unknown bytes, libinit2.o(.ARM.Collect$$libinit$$00000004))

<P><STRONG><a name="[98]"></a>__rt_lib_init_rand_1</STRONG> (Thumb, 0 bytes, Stack size unknown bytes, libinit2.o(.ARM.Collect$$libinit$$0000000E))

<P><STRONG><a name="[99]"></a>__rt_lib_init_return</STRONG> (Thumb, 0 bytes, Stack size unknown bytes, libinit2.o(.ARM.Collect$$libinit$$00000033))

<P><STRONG><a name="[9a]"></a>__rt_lib_init_signal_1</STRONG> (Thumb, 0 bytes, Stack size unknown bytes, libinit2.o(.ARM.Collect$$libinit$$0000001D))

<P><STRONG><a name="[9b]"></a>__rt_lib_init_stdio_1</STRONG> (Thumb, 0 bytes, Stack size unknown bytes, libinit2.o(.ARM.Collect$$libinit$$00000025))

<P><STRONG><a name="[9c]"></a>__rt_lib_init_user_alloc_1</STRONG> (Thumb, 0 bytes, Stack size unknown bytes, libinit2.o(.ARM.Collect$$libinit$$0000000C))

<P><STRONG><a name="[58]"></a>__rt_lib_shutdown</STRONG> (Thumb, 0 bytes, Stack size unknown bytes, libshutdown.o(.ARM.Collect$$libshutdown$$00000000))
<BR><BR>[Called By]<UL><LI><a href="#[57]">&gt;&gt;</a>&nbsp;&nbsp;&nbsp;__rt_exit_ls
</UL>

<P><STRONG><a name="[9d]"></a>__rt_lib_shutdown_cpp_1</STRONG> (Thumb, 0 bytes, Stack size unknown bytes, libshutdown2.o(.ARM.Collect$$libshutdown$$00000004))

<P><STRONG><a name="[9e]"></a>__rt_lib_shutdown_fini_1</STRONG> (Thumb, 0 bytes, Stack size unknown bytes, libshutdown2.o(.ARM.Collect$$libshutdown$$00000002))

<P><STRONG><a name="[9f]"></a>__rt_lib_shutdown_fp_trap_1</STRONG> (Thumb, 0 bytes, Stack size unknown bytes, libshutdown2.o(.ARM.Collect$$libshutdown$$00000009))

<P><STRONG><a name="[a0]"></a>__rt_lib_shutdown_heap_1</STRONG> (Thumb, 0 bytes, Stack size unknown bytes, libshutdown2.o(.ARM.Collect$$libshutdown$$00000011))

<P><STRONG><a name="[a1]"></a>__rt_lib_shutdown_return</STRONG> (Thumb, 0 bytes, Stack size unknown bytes, libshutdown2.o(.ARM.Collect$$libshutdown$$00000012))

<P><STRONG><a name="[a2]"></a>__rt_lib_shutdown_signal_1</STRONG> (Thumb, 0 bytes, Stack size unknown bytes, libshutdown2.o(.ARM.Collect$$libshutdown$$0000000C))

<P><STRONG><a name="[a3]"></a>__rt_lib_shutdown_stdio_1</STRONG> (Thumb, 0 bytes, Stack size unknown bytes, libshutdown2.o(.ARM.Collect$$libshutdown$$00000006))

<P><STRONG><a name="[a4]"></a>__rt_lib_shutdown_user_alloc_1</STRONG> (Thumb, 0 bytes, Stack size unknown bytes, libshutdown2.o(.ARM.Collect$$libshutdown$$0000000E))

<P><STRONG><a name="[4d]"></a>__rt_entry</STRONG> (Thumb, 0 bytes, Stack size unknown bytes, __rtentry.o(.ARM.Collect$$rtentry$$00000000))
<BR><BR>[Called By]<UL><LI><a href="#[4a]">&gt;&gt;</a>&nbsp;&nbsp;&nbsp;__main
<LI><a href="#[4e]">&gt;&gt;</a>&nbsp;&nbsp;&nbsp;__scatterload_rt2
</UL>

<P><STRONG><a name="[a5]"></a>__rt_entry_presh_1</STRONG> (Thumb, 0 bytes, Stack size unknown bytes, __rtentry2.o(.ARM.Collect$$rtentry$$00000002))

<P><STRONG><a name="[50]"></a>__rt_entry_sh</STRONG> (Thumb, 0 bytes, Stack size unknown bytes, __rtentry4.o(.ARM.Collect$$rtentry$$00000004))
<BR><BR>[Stack]<UL><LI>Max Depth = 8 + Unknown Stack Size
<LI>Call Chain = __rt_entry_sh &rArr; __user_setup_stackheap
</UL>
<BR>[Calls]<UL><LI><a href="#[51]">&gt;&gt;</a>&nbsp;&nbsp;&nbsp;__user_setup_stackheap
</UL>

<P><STRONG><a name="[52]"></a>__rt_entry_li</STRONG> (Thumb, 0 bytes, Stack size unknown bytes, __rtentry2.o(.ARM.Collect$$rtentry$$0000000A))
<BR><BR>[Calls]<UL><LI><a href="#[53]">&gt;&gt;</a>&nbsp;&nbsp;&nbsp;__rt_lib_init
</UL>

<P><STRONG><a name="[a6]"></a>__rt_entry_postsh_1</STRONG> (Thumb, 0 bytes, Stack size unknown bytes, __rtentry2.o(.ARM.Collect$$rtentry$$00000009))

<P><STRONG><a name="[54]"></a>__rt_entry_main</STRONG> (Thumb, 0 bytes, Stack size unknown bytes, __rtentry2.o(.ARM.Collect$$rtentry$$0000000D))
<BR><BR>[Stack]<UL><LI>Max Depth = 56 + Unknown Stack Size
<LI>Call Chain = __rt_entry_main &rArr; main &rArr; tTaskInit &rArr; tTaskSchedRdy
</UL>
<BR>[Calls]<UL><LI><a href="#[56]">&gt;&gt;</a>&nbsp;&nbsp;&nbsp;exit
<LI><a href="#[55]">&gt;&gt;</a>&nbsp;&nbsp;&nbsp;main
</UL>

<P><STRONG><a name="[a7]"></a>__rt_entry_postli_1</STRONG> (Thumb, 0 bytes, Stack size unknown bytes, __rtentry2.o(.ARM.Collect$$rtentry$$0000000C))

<P><STRONG><a name="[5c]"></a>__rt_exit</STRONG> (Thumb, 0 bytes, Stack size unknown bytes, rtexit.o(.ARM.Collect$$rtexit$$00000000))
<BR><BR>[Called By]<UL><LI><a href="#[56]">&gt;&gt;</a>&nbsp;&nbsp;&nbsp;exit
</UL>

<P><STRONG><a name="[57]"></a>__rt_exit_ls</STRONG> (Thumb, 0 bytes, Stack size unknown bytes, rtexit2.o(.ARM.Collect$$rtexit$$00000003))
<BR><BR>[Calls]<UL><LI><a href="#[58]">&gt;&gt;</a>&nbsp;&nbsp;&nbsp;__rt_lib_shutdown
</UL>

<P><STRONG><a name="[a8]"></a>__rt_exit_prels_1</STRONG> (Thumb, 0 bytes, Stack size unknown bytes, rtexit2.o(.ARM.Collect$$rtexit$$00000002))

<P><STRONG><a name="[59]"></a>__rt_exit_exit</STRONG> (Thumb, 0 bytes, Stack size unknown bytes, rtexit2.o(.ARM.Collect$$rtexit$$00000004))
<BR><BR>[Calls]<UL><LI><a href="#[5a]">&gt;&gt;</a>&nbsp;&nbsp;&nbsp;_sys_exit
</UL>

<P><STRONG><a name="[b]"></a>PendSV_Handler</STRONG> (Thumb, 40 bytes, Stack size 0 bytes, switch.o(.emb_text))
<BR>[Address Reference Count : 1]<UL><LI> startup_stm32f10x_hd_vl.o(RESET)
</UL>
<P><STRONG><a name="[49]"></a>Reset_Handler</STRONG> (Thumb, 8 bytes, Stack size 0 bytes, startup_stm32f10x_hd_vl.o(.text))

<P><STRONG><a name="[4]"></a>NMI_Handler</STRONG> (Thumb, 2 bytes, Stack size 0 bytes, startup_stm32f10x_hd_vl.o(.text))
<BR><BR>[Calls]<UL><LI><a href="#[4]">&gt;&gt;</a>&nbsp;&nbsp;&nbsp;NMI_Handler
</UL>
<BR>[Called By]<UL><LI><a href="#[4]">&gt;&gt;</a>&nbsp;&nbsp;&nbsp;NMI_Handler
</UL>
<BR>[Address Reference Count : 1]<UL><LI> startup_stm32f10x_hd_vl.o(RESET)
</UL>
<P><STRONG><a name="[5]"></a>HardFault_Handler</STRONG> (Thumb, 2 bytes, Stack size 0 bytes, startup_stm32f10x_hd_vl.o(.text))
<BR><BR>[Calls]<UL><LI><a href="#[5]">&gt;&gt;</a>&nbsp;&nbsp;&nbsp;HardFault_Handler
</UL>
<BR>[Called By]<UL><LI><a href="#[5]">&gt;&gt;</a>&nbsp;&nbsp;&nbsp;HardFault_Handler
</UL>
<BR>[Address Reference Count : 1]<UL><LI> startup_stm32f10x_hd_vl.o(RESET)
</UL>
<P><STRONG><a name="[6]"></a>MemManage_Handler</STRONG> (Thumb, 2 bytes, Stack size 0 bytes, startup_stm32f10x_hd_vl.o(.text))
<BR><BR>[Calls]<UL><LI><a href="#[6]">&gt;&gt;</a>&nbsp;&nbsp;&nbsp;MemManage_Handler
</UL>
<BR>[Called By]<UL><LI><a href="#[6]">&gt;&gt;</a>&nbsp;&nbsp;&nbsp;MemManage_Handler
</UL>
<BR>[Address Reference Count : 1]<UL><LI> startup_stm32f10x_hd_vl.o(RESET)
</UL>
<P><STRONG><a name="[7]"></a>BusFault_Handler</STRONG> (Thumb, 2 bytes, Stack size 0 bytes, startup_stm32f10x_hd_vl.o(.text))
<BR><BR>[Calls]<UL><LI><a href="#[7]">&gt;&gt;</a>&nbsp;&nbsp;&nbsp;BusFault_Handler
</UL>
<BR>[Called By]<UL><LI><a href="#[7]">&gt;&gt;</a>&nbsp;&nbsp;&nbsp;BusFault_Handler
</UL>
<BR>[Address Reference Count : 1]<UL><LI> startup_stm32f10x_hd_vl.o(RESET)
</UL>
<P><STRONG><a name="[8]"></a>UsageFault_Handler</STRONG> (Thumb, 2 bytes, Stack size 0 bytes, startup_stm32f10x_hd_vl.o(.text))
<BR><BR>[Calls]<UL><LI><a href="#[8]">&gt;&gt;</a>&nbsp;&nbsp;&nbsp;UsageFault_Handler
</UL>
<BR>[Called By]<UL><LI><a href="#[8]">&gt;&gt;</a>&nbsp;&nbsp;&nbsp;UsageFault_Handler
</UL>
<BR>[Address Reference Count : 1]<UL><LI> startup_stm32f10x_hd_vl.o(RESET)
</UL>
<P><STRONG><a name="[9]"></a>SVC_Handler</STRONG> (Thumb, 2 bytes, Stack size 0 bytes, startup_stm32f10x_hd_vl.o(.text))
<BR><BR>[Calls]<UL><LI><a href="#[9]">&gt;&gt;</a>&nbsp;&nbsp;&nbsp;SVC_Handler
</UL>
<BR>[Called By]<UL><LI><a href="#[9]">&gt;&gt;</a>&nbsp;&nbsp;&nbsp;SVC_Handler
</UL>
<BR>[Address Reference Count : 1]<UL><LI> startup_stm32f10x_hd_vl.o(RESET)
</UL>
<P><STRONG><a name="[a]"></a>DebugMon_Handler</STRONG> (Thumb, 2 bytes, Stack size 0 bytes, startup_stm32f10x_hd_vl.o(.text))
<BR><BR>[Calls]<UL><LI><a href="#[a]">&gt;&gt;</a>&nbsp;&nbsp;&nbsp;DebugMon_Handler
</UL>
<BR>[Called By]<UL><LI><a href="#[a]">&gt;&gt;</a>&nbsp;&nbsp;&nbsp;DebugMon_Handler
</UL>
<BR>[Address Reference Count : 1]<UL><LI> startup_stm32f10x_hd_vl.o(RESET)
</UL>
<P><STRONG><a name="[1f]"></a>ADC1_IRQHandler</STRONG> (Thumb, 0 bytes, Stack size 0 bytes, startup_stm32f10x_hd_vl.o(.text))
<BR><BR>[Calls]<UL><LI><a href="#[1f]">&gt;&gt;</a>&nbsp;&nbsp;&nbsp;ADC1_IRQHandler
</UL>
<BR>[Called By]<UL><LI><a href="#[1f]">&gt;&gt;</a>&nbsp;&nbsp;&nbsp;ADC1_IRQHandler
</UL>
<BR>[Address Reference Count : 1]<UL><LI> startup_stm32f10x_hd_vl.o(RESET)
</UL>
<P><STRONG><a name="[33]"></a>CEC_IRQHandler</STRONG> (Thumb, 0 bytes, Stack size 0 bytes, startup_stm32f10x_hd_vl.o(.text))
<BR>[Address Reference Count : 1]<UL><LI> startup_stm32f10x_hd_vl.o(RESET)
</UL>
<P><STRONG><a name="[18]"></a>DMA1_Channel1_IRQHandler</STRONG> (Thumb, 0 bytes, Stack size 0 bytes, startup_stm32f10x_hd_vl.o(.text))
<BR>[Address Reference Count : 1]<UL><LI> startup_stm32f10x_hd_vl.o(RESET)
</UL>
<P><STRONG><a name="[19]"></a>DMA1_Channel2_IRQHandler</STRONG> (Thumb, 0 bytes, Stack size 0 bytes, startup_stm32f10x_hd_vl.o(.text))
<BR>[Address Reference Count : 1]<UL><LI> startup_stm32f10x_hd_vl.o(RESET)
</UL>
<P><STRONG><a name="[1a]"></a>DMA1_Channel3_IRQHandler</STRONG> (Thumb, 0 bytes, Stack size 0 bytes, startup_stm32f10x_hd_vl.o(.text))
<BR>[Address Reference Count : 1]<UL><LI> startup_stm32f10x_hd_vl.o(RESET)
</UL>
<P><STRONG><a name="[1b]"></a>DMA1_Channel4_IRQHandler</STRONG> (Thumb, 0 bytes, Stack size 0 bytes, startup_stm32f10x_hd_vl.o(.text))
<BR>[Address Reference Count : 1]<UL><LI> startup_stm32f10x_hd_vl.o(RESET)
</UL>
<P><STRONG><a name="[1c]"></a>DMA1_Channel5_IRQHandler</STRONG> (Thumb, 0 bytes, Stack size 0 bytes, startup_stm32f10x_hd_vl.o(.text))
<BR>[Address Reference Count : 1]<UL><LI> startup_stm32f10x_hd_vl.o(RESET)
</UL>
<P><STRONG><a name="[1d]"></a>DMA1_Channel6_IRQHandler</STRONG> (Thumb, 0 bytes, Stack size 0 bytes, startup_stm32f10x_hd_vl.o(.text))
<BR>[Address Reference Count : 1]<UL><LI> startup_stm32f10x_hd_vl.o(RESET)
</UL>
<P><STRONG><a name="[1e]"></a>DMA1_Channel7_IRQHandler</STRONG> (Thumb, 0 bytes, Stack size 0 bytes, startup_stm32f10x_hd_vl.o(.text))
<BR>[Address Reference Count : 1]<UL><LI> startup_stm32f10x_hd_vl.o(RESET)
</UL>
<P><STRONG><a name="[3d]"></a>DMA2_Channel1_IRQHandler</STRONG> (Thumb, 0 bytes, Stack size 0 bytes, startup_stm32f10x_hd_vl.o(.text))
<BR>[Address Reference Count : 1]<UL><LI> startup_stm32f10x_hd_vl.o(RESET)
</UL>
<P><STRONG><a name="[3e]"></a>DMA2_Channel2_IRQHandler</STRONG> (Thumb, 0 bytes, Stack size 0 bytes, startup_stm32f10x_hd_vl.o(.text))
<BR>[Address Reference Count : 1]<UL><LI> startup_stm32f10x_hd_vl.o(RESET)
</UL>
<P><STRONG><a name="[3f]"></a>DMA2_Channel3_IRQHandler</STRONG> (Thumb, 0 bytes, Stack size 0 bytes, startup_stm32f10x_hd_vl.o(.text))
<BR>[Address Reference Count : 1]<UL><LI> startup_stm32f10x_hd_vl.o(RESET)
</UL>
<P><STRONG><a name="[40]"></a>DMA2_Channel4_5_IRQHandler</STRONG> (Thumb, 0 bytes, Stack size 0 bytes, startup_stm32f10x_hd_vl.o(.text))
<BR>[Address Reference Count : 1]<UL><LI> startup_stm32f10x_hd_vl.o(RESET)
</UL>
<P><STRONG><a name="[41]"></a>DMA2_Channel5_IRQHandler</STRONG> (Thumb, 0 bytes, Stack size 0 bytes, startup_stm32f10x_hd_vl.o(.text))
<BR>[Address Reference Count : 1]<UL><LI> startup_stm32f10x_hd_vl.o(RESET)
</UL>
<P><STRONG><a name="[13]"></a>EXTI0_IRQHandler</STRONG> (Thumb, 0 bytes, Stack size 0 bytes, startup_stm32f10x_hd_vl.o(.text))
<BR>[Address Reference Count : 1]<UL><LI> startup_stm32f10x_hd_vl.o(RESET)
</UL>
<P><STRONG><a name="[31]"></a>EXTI15_10_IRQHandler</STRONG> (Thumb, 0 bytes, Stack size 0 bytes, startup_stm32f10x_hd_vl.o(.text))
<BR>[Address Reference Count : 1]<UL><LI> startup_stm32f10x_hd_vl.o(RESET)
</UL>
<P><STRONG><a name="[14]"></a>EXTI1_IRQHandler</STRONG> (Thumb, 0 bytes, Stack size 0 bytes, startup_stm32f10x_hd_vl.o(.text))
<BR>[Address Reference Count : 1]<UL><LI> startup_stm32f10x_hd_vl.o(RESET)
</UL>
<P><STRONG><a name="[15]"></a>EXTI2_IRQHandler</STRONG> (Thumb, 0 bytes, Stack size 0 bytes, startup_stm32f10x_hd_vl.o(.text))
<BR>[Address Reference Count : 1]<UL><LI> startup_stm32f10x_hd_vl.o(RESET)
</UL>
<P><STRONG><a name="[16]"></a>EXTI3_IRQHandler</STRONG> (Thumb, 0 bytes, Stack size 0 bytes, startup_stm32f10x_hd_vl.o(.text))
<BR>[Address Reference Count : 1]<UL><LI> startup_stm32f10x_hd_vl.o(RESET)
</UL>
<P><STRONG><a name="[17]"></a>EXTI4_IRQHandler</STRONG> (Thumb, 0 bytes, Stack size 0 bytes, startup_stm32f10x_hd_vl.o(.text))
<BR>[Address Reference Count : 1]<UL><LI> startup_stm32f10x_hd_vl.o(RESET)
</UL>
<P><STRONG><a name="[20]"></a>EXTI9_5_IRQHandler</STRONG> (Thumb, 0 bytes, Stack size 0 bytes, startup_stm32f10x_hd_vl.o(.text))
<BR>[Address Reference Count : 1]<UL><LI> startup_stm32f10x_hd_vl.o(RESET)
</UL>
<P><STRONG><a name="[11]"></a>FLASH_IRQHandler</STRONG> (Thumb, 0 bytes, Stack size 0 bytes, startup_stm32f10x_hd_vl.o(.text))
<BR>[Address Reference Count : 1]<UL><LI> startup_stm32f10x_hd_vl.o(RESET)
</UL>
<P><STRONG><a name="[29]"></a>I2C1_ER_IRQHandler</STRONG> (Thumb, 0 bytes, Stack size 0 bytes, startup_stm32f10x_hd_vl.o(.text))
<BR>[Address Reference Count : 1]<UL><LI> startup_stm32f10x_hd_vl.o(RESET)
</UL>
<P><STRONG><a name="[28]"></a>I2C1_EV_IRQHandler</STRONG> (Thumb, 0 bytes, Stack size 0 bytes, startup_stm32f10x_hd_vl.o(.text))
<BR>[Address Reference Count : 1]<UL><LI> startup_stm32f10x_hd_vl.o(RESET)
</UL>
<P><STRONG><a name="[2b]"></a>I2C2_ER_IRQHandler</STRONG> (Thumb, 0 bytes, Stack size 0 bytes, startup_stm32f10x_hd_vl.o(.text))
<BR>[Address Reference Count : 1]<UL><LI> startup_stm32f10x_hd_vl.o(RESET)
</UL>
<P><STRONG><a name="[2a]"></a>I2C2_EV_IRQHandler</STRONG> (Thumb, 0 bytes, Stack size 0 bytes, startup_stm32f10x_hd_vl.o(.text))
<BR>[Address Reference Count : 1]<UL><LI> startup_stm32f10x_hd_vl.o(RESET)
</UL>
<P><STRONG><a name="[e]"></a>PVD_IRQHandler</STRONG> (Thumb, 0 bytes, Stack size 0 bytes, startup_stm32f10x_hd_vl.o(.text))
<BR>[Address Reference Count : 1]<UL><LI> startup_stm32f10x_hd_vl.o(RESET)
</UL>
<P><STRONG><a name="[12]"></a>RCC_IRQHandler</STRONG> (Thumb, 0 bytes, Stack size 0 bytes, startup_stm32f10x_hd_vl.o(.text))
<BR>[Address Reference Count : 1]<UL><LI> startup_stm32f10x_hd_vl.o(RESET)
</UL>
<P><STRONG><a name="[32]"></a>RTCAlarm_IRQHandler</STRONG> (Thumb, 0 bytes, Stack size 0 bytes, startup_stm32f10x_hd_vl.o(.text))
<BR>[Address Reference Count : 1]<UL><LI> startup_stm32f10x_hd_vl.o(RESET)
</UL>
<P><STRONG><a name="[10]"></a>RTC_IRQHandler</STRONG> (Thumb, 0 bytes, Stack size 0 bytes, startup_stm32f10x_hd_vl.o(.text))
<BR>[Address Reference Count : 1]<UL><LI> startup_stm32f10x_hd_vl.o(RESET)
</UL>
<P><STRONG><a name="[2c]"></a>SPI1_IRQHandler</STRONG> (Thumb, 0 bytes, Stack size 0 bytes, startup_stm32f10x_hd_vl.o(.text))
<BR>[Address Reference Count : 1]<UL><LI> startup_stm32f10x_hd_vl.o(RESET)
</UL>
<P><STRONG><a name="[2d]"></a>SPI2_IRQHandler</STRONG> (Thumb, 0 bytes, Stack size 0 bytes, startup_stm32f10x_hd_vl.o(.text))
<BR>[Address Reference Count : 1]<UL><LI> startup_stm32f10x_hd_vl.o(RESET)
</UL>
<P><STRONG><a name="[38]"></a>SPI3_IRQHandler</STRONG> (Thumb, 0 bytes, Stack size 0 bytes, startup_stm32f10x_hd_vl.o(.text))
<BR>[Address Reference Count : 1]<UL><LI> startup_stm32f10x_hd_vl.o(RESET)
</UL>
<P><STRONG><a name="[f]"></a>TAMPER_IRQHandler</STRONG> (Thumb, 0 bytes, Stack size 0 bytes, startup_stm32f10x_hd_vl.o(.text))
<BR>[Address Reference Count : 1]<UL><LI> startup_stm32f10x_hd_vl.o(RESET)
</UL>
<P><STRONG><a name="[34]"></a>TIM12_IRQHandler</STRONG> (Thumb, 0 bytes, Stack size 0 bytes, startup_stm32f10x_hd_vl.o(.text))
<BR>[Address Reference Count : 1]<UL><LI> startup_stm32f10x_hd_vl.o(RESET)
</UL>
<P><STRONG><a name="[35]"></a>TIM13_IRQHandler</STRONG> (Thumb, 0 bytes, Stack size 0 bytes, startup_stm32f10x_hd_vl.o(.text))
<BR>[Address Reference Count : 1]<UL><LI> startup_stm32f10x_hd_vl.o(RESET)
</UL>
<P><STRONG><a name="[36]"></a>TIM14_IRQHandler</STRONG> (Thumb, 0 bytes, Stack size 0 bytes, startup_stm32f10x_hd_vl.o(.text))
<BR>[Address Reference Count : 1]<UL><LI> startup_stm32f10x_hd_vl.o(RESET)
</UL>
<P><STRONG><a name="[21]"></a>TIM1_BRK_TIM15_IRQHandler</STRONG> (Thumb, 0 bytes, Stack size 0 bytes, startup_stm32f10x_hd_vl.o(.text))
<BR>[Address Reference Count : 1]<UL><LI> startup_stm32f10x_hd_vl.o(RESET)
</UL>
<P><STRONG><a name="[24]"></a>TIM1_CC_IRQHandler</STRONG> (Thumb, 0 bytes, Stack size 0 bytes, startup_stm32f10x_hd_vl.o(.text))
<BR>[Address Reference Count : 1]<UL><LI> startup_stm32f10x_hd_vl.o(RESET)
</UL>
<P><STRONG><a name="[23]"></a>TIM1_TRG_COM_TIM17_IRQHandler</STRONG> (Thumb, 0 bytes, Stack size 0 bytes, startup_stm32f10x_hd_vl.o(.text))
<BR>[Address Reference Count : 1]<UL><LI> startup_stm32f10x_hd_vl.o(RESET)
</UL>
<P><STRONG><a name="[22]"></a>TIM1_UP_TIM16_IRQHandler</STRONG> (Thumb, 0 bytes, Stack size 0 bytes, startup_stm32f10x_hd_vl.o(.text))
<BR>[Address Reference Count : 1]<UL><LI> startup_stm32f10x_hd_vl.o(RESET)
</UL>
<P><STRONG><a name="[25]"></a>TIM2_IRQHandler</STRONG> (Thumb, 0 bytes, Stack size 0 bytes, startup_stm32f10x_hd_vl.o(.text))
<BR>[Address Reference Count : 1]<UL><LI> startup_stm32f10x_hd_vl.o(RESET)
</UL>
<P><STRONG><a name="[26]"></a>TIM3_IRQHandler</STRONG> (Thumb, 0 bytes, Stack size 0 bytes, startup_stm32f10x_hd_vl.o(.text))
<BR>[Address Reference Count : 1]<UL><LI> startup_stm32f10x_hd_vl.o(RESET)
</UL>
<P><STRONG><a name="[27]"></a>TIM4_IRQHandler</STRONG> (Thumb, 0 bytes, Stack size 0 bytes, startup_stm32f10x_hd_vl.o(.text))
<BR>[Address Reference Count : 1]<UL><LI> startup_stm32f10x_hd_vl.o(RESET)
</UL>
<P><STRONG><a name="[37]"></a>TIM5_IRQHandler</STRONG> (Thumb, 0 bytes, Stack size 0 bytes, startup_stm32f10x_hd_vl.o(.text))
<BR>[Address Reference Count : 1]<UL><LI> startup_stm32f10x_hd_vl.o(RESET)
</UL>
<P><STRONG><a name="[3b]"></a>TIM6_DAC_IRQHandler</STRONG> (Thumb, 0 bytes, Stack size 0 bytes, startup_stm32f10x_hd_vl.o(.text))
<BR>[Address Reference Count : 1]<UL><LI> startup_stm32f10x_hd_vl.o(RESET)
</UL>
<P><STRONG><a name="[3c]"></a>TIM7_IRQHandler</STRONG> (Thumb, 0 bytes, Stack size 0 bytes, startup_stm32f10x_hd_vl.o(.text))
<BR>[Address Reference Count : 1]<UL><LI> startup_stm32f10x_hd_vl.o(RESET)
</UL>
<P><STRONG><a name="[39]"></a>UART4_IRQHandler</STRONG> (Thumb, 0 bytes, Stack size 0 bytes, startup_stm32f10x_hd_vl.o(.text))
<BR>[Address Reference Count : 1]<UL><LI> startup_stm32f10x_hd_vl.o(RESET)
</UL>
<P><STRONG><a name="[3a]"></a>UART5_IRQHandler</STRONG> (Thumb, 0 bytes, Stack size 0 bytes, startup_stm32f10x_hd_vl.o(.text))
<BR>[Address Reference Count : 1]<UL><LI> startup_stm32f10x_hd_vl.o(RESET)
</UL>
<P><STRONG><a name="[2e]"></a>USART1_IRQHandler</STRONG> (Thumb, 0 bytes, Stack size 0 bytes, startup_stm32f10x_hd_vl.o(.text))
<BR>[Address Reference Count : 1]<UL><LI> startup_stm32f10x_hd_vl.o(RESET)
</UL>
<P><STRONG><a name="[2f]"></a>USART2_IRQHandler</STRONG> (Thumb, 0 bytes, Stack size 0 bytes, startup_stm32f10x_hd_vl.o(.text))
<BR>[Address Reference Count : 1]<UL><LI> startup_stm32f10x_hd_vl.o(RESET)
</UL>
<P><STRONG><a name="[30]"></a>USART3_IRQHandler</STRONG> (Thumb, 0 bytes, Stack size 0 bytes, startup_stm32f10x_hd_vl.o(.text))
<BR>[Address Reference Count : 1]<UL><LI> startup_stm32f10x_hd_vl.o(RESET)
</UL>
<P><STRONG><a name="[d]"></a>WWDG_IRQHandler</STRONG> (Thumb, 0 bytes, Stack size 0 bytes, startup_stm32f10x_hd_vl.o(.text))
<BR>[Address Reference Count : 1]<UL><LI> startup_stm32f10x_hd_vl.o(RESET)
</UL>
<P><STRONG><a name="[4b]"></a>__user_initial_stackheap</STRONG> (Thumb, 0 bytes, Stack size unknown bytes, startup_stm32f10x_hd_vl.o(.text))
<BR><BR>[Called By]<UL><LI><a href="#[51]">&gt;&gt;</a>&nbsp;&nbsp;&nbsp;__user_setup_stackheap
</UL>

<P><STRONG><a name="[77]"></a>__aeabi_memclr4</STRONG> (Thumb, 0 bytes, Stack size 4 bytes, rt_memclr_w.o(.text))
<BR><BR>[Stack]<UL><LI>Max Depth = 4<LI>Call Chain = __aeabi_memclr4
</UL>
<BR>[Called By]<UL><LI><a href="#[6a]">&gt;&gt;</a>&nbsp;&nbsp;&nbsp;tTaskInit
</UL>

<P><STRONG><a name="[a9]"></a>__aeabi_memclr8</STRONG> (Thumb, 0 bytes, Stack size 4 bytes, rt_memclr_w.o(.text), UNUSED)

<P><STRONG><a name="[aa]"></a>__rt_memclr_w</STRONG> (Thumb, 78 bytes, Stack size 4 bytes, rt_memclr_w.o(.text), UNUSED)

<P><STRONG><a name="[ab]"></a>_memset_w</STRONG> (Thumb, 0 bytes, Stack size unknown bytes, rt_memclr_w.o(.text), UNUSED)

<P><STRONG><a name="[ac]"></a>__use_two_region_memory</STRONG> (Thumb, 2 bytes, Stack size 0 bytes, heapauxi.o(.text), UNUSED)

<P><STRONG><a name="[ad]"></a>__rt_heap_escrow$2region</STRONG> (Thumb, 2 bytes, Stack size 0 bytes, heapauxi.o(.text), UNUSED)

<P><STRONG><a name="[ae]"></a>__rt_heap_expand$2region</STRONG> (Thumb, 2 bytes, Stack size 0 bytes, heapauxi.o(.text), UNUSED)

<P><STRONG><a name="[51]"></a>__user_setup_stackheap</STRONG> (Thumb, 74 bytes, Stack size 8 bytes, sys_stackheap_outer.o(.text))
<BR><BR>[Stack]<UL><LI>Max Depth = 8 + Unknown Stack Size
<LI>Call Chain = __user_setup_stackheap
</UL>
<BR>[Calls]<UL><LI><a href="#[4b]">&gt;&gt;</a>&nbsp;&nbsp;&nbsp;__user_initial_stackheap
<LI><a href="#[5b]">&gt;&gt;</a>&nbsp;&nbsp;&nbsp;__user_perproc_libspace
</UL>
<BR>[Called By]<UL><LI><a href="#[50]">&gt;&gt;</a>&nbsp;&nbsp;&nbsp;__rt_entry_sh
</UL>

<P><STRONG><a name="[56]"></a>exit</STRONG> (Thumb, 18 bytes, Stack size 8 bytes, exit.o(.text))
<BR><BR>[Stack]<UL><LI>Max Depth = 8 + Unknown Stack Size
<LI>Call Chain = exit
</UL>
<BR>[Calls]<UL><LI><a href="#[5c]">&gt;&gt;</a>&nbsp;&nbsp;&nbsp;__rt_exit
</UL>
<BR>[Called By]<UL><LI><a href="#[54]">&gt;&gt;</a>&nbsp;&nbsp;&nbsp;__rt_entry_main
</UL>

<P><STRONG><a name="[af]"></a>__user_libspace</STRONG> (Thumb, 8 bytes, Stack size 0 bytes, libspace.o(.text), UNUSED)

<P><STRONG><a name="[5b]"></a>__user_perproc_libspace</STRONG> (Thumb, 0 bytes, Stack size 0 bytes, libspace.o(.text))
<BR><BR>[Called By]<UL><LI><a href="#[51]">&gt;&gt;</a>&nbsp;&nbsp;&nbsp;__user_setup_stackheap
</UL>

<P><STRONG><a name="[b0]"></a>__user_perthread_libspace</STRONG> (Thumb, 0 bytes, Stack size 0 bytes, libspace.o(.text), UNUSED)

<P><STRONG><a name="[5a]"></a>_sys_exit</STRONG> (Thumb, 8 bytes, Stack size 0 bytes, sys_exit.o(.text))
<BR><BR>[Called By]<UL><LI><a href="#[59]">&gt;&gt;</a>&nbsp;&nbsp;&nbsp;__rt_exit_exit
</UL>

<P><STRONG><a name="[b1]"></a>__I$use$semihosting</STRONG> (Thumb, 0 bytes, Stack size 0 bytes, use_no_semi.o(.text), UNUSED)

<P><STRONG><a name="[b2]"></a>__use_no_semihosting_swi</STRONG> (Thumb, 2 bytes, Stack size 0 bytes, use_no_semi.o(.text), UNUSED)

<P><STRONG><a name="[b3]"></a>__semihosting_library_function</STRONG> (Thumb, 0 bytes, Stack size 8 bytes, indicate_semi.o(.text), UNUSED)

<P><STRONG><a name="[c]"></a>SysTick_Handler</STRONG> (Thumb, 8 bytes, Stack size 8 bytes, tcpu.o(i.SysTick_Handler))
<BR><BR>[Stack]<UL><LI>Max Depth = 60<LI>Call Chain = SysTick_Handler &rArr; tTaskSystemTickHandler &rArr; tTaskSched &rArr; tTaskHighestReady &rArr; tBitmapGetFirstSet
</UL>
<BR>[Calls]<UL><LI><a href="#[5f]">&gt;&gt;</a>&nbsp;&nbsp;&nbsp;tTaskSystemTickHandler
</UL>
<BR>[Address Reference Count : 1]<UL><LI> startup_stm32f10x_hd_vl.o(RESET)
</UL>
<P><STRONG><a name="[42]"></a>SystemInit</STRONG> (Thumb, 82 bytes, Stack size 8 bytes, system_stm32f10x.o(i.SystemInit))
<BR><BR>[Stack]<UL><LI>Max Depth = 28<LI>Call Chain = SystemInit &rArr; SetSysClock &rArr; SetSysClockTo24
</UL>
<BR>[Calls]<UL><LI><a href="#[5d]">&gt;&gt;</a>&nbsp;&nbsp;&nbsp;SetSysClock
</UL>
<BR>[Address Reference Count : 1]<UL><LI> startup_stm32f10x_hd_vl.o(.text)
</UL>
<P><STRONG><a name="[44]"></a>idleTaskEntry</STRONG> (Thumb, 48 bytes, Stack size 0 bytes, main.o(i.idleTaskEntry))
<BR><BR>[Stack]<UL><LI>Max Depth = 56<LI>Call Chain = idleTaskEntry &rArr; tInitApp &rArr; tTaskInit &rArr; tTaskSchedRdy
</UL>
<BR>[Calls]<UL><LI><a href="#[65]">&gt;&gt;</a>&nbsp;&nbsp;&nbsp;tTaskExitCritical
<LI><a href="#[64]">&gt;&gt;</a>&nbsp;&nbsp;&nbsp;tTaskEnterCritical
<LI><a href="#[62]">&gt;&gt;</a>&nbsp;&nbsp;&nbsp;tSetSysTickPeriod
<LI><a href="#[66]">&gt;&gt;</a>&nbsp;&nbsp;&nbsp;tHooksCpuIdle
<LI><a href="#[63]">&gt;&gt;</a>&nbsp;&nbsp;&nbsp;tTaskSchedEnable
<LI><a href="#[60]">&gt;&gt;</a>&nbsp;&nbsp;&nbsp;tTaskSchedDisable
<LI><a href="#[61]">&gt;&gt;</a>&nbsp;&nbsp;&nbsp;tInitApp
</UL>
<BR>[Address Reference Count : 1]<UL><LI> main.o(i.main)
</UL>
<P><STRONG><a name="[55]"></a>main</STRONG> (Thumb, 52 bytes, Stack size 16 bytes, main.o(i.main))
<BR><BR>[Stack]<UL><LI>Max Depth = 56<LI>Call Chain = main &rArr; tTaskInit &rArr; tTaskSchedRdy
</UL>
<BR>[Calls]<UL><LI><a href="#[6c]">&gt;&gt;</a>&nbsp;&nbsp;&nbsp;tTaskRunFirst
<LI><a href="#[69]">&gt;&gt;</a>&nbsp;&nbsp;&nbsp;tTimeTickInit
<LI><a href="#[67]">&gt;&gt;</a>&nbsp;&nbsp;&nbsp;tTaskSchedInit
<LI><a href="#[6b]">&gt;&gt;</a>&nbsp;&nbsp;&nbsp;tTaskHighestReady
<LI><a href="#[68]">&gt;&gt;</a>&nbsp;&nbsp;&nbsp;tTaskDelayedInit
<LI><a href="#[6a]">&gt;&gt;</a>&nbsp;&nbsp;&nbsp;tTaskInit
</UL>
<BR>[Called By]<UL><LI><a href="#[54]">&gt;&gt;</a>&nbsp;&nbsp;&nbsp;__rt_entry_main
</UL>

<P><STRONG><a name="[81]"></a>tBitmapClear</STRONG> (Thumb, 12 bytes, Stack size 0 bytes, tbitmap.o(i.tBitmapClear))
<BR><BR>[Called By]<UL><LI><a href="#[73]">&gt;&gt;</a>&nbsp;&nbsp;&nbsp;tTaskSchedUnRdy
</UL>

<P><STRONG><a name="[6d]"></a>tBitmapGetFirstSet</STRONG> (Thumb, 86 bytes, Stack size 4 bytes, tbitmap.o(i.tBitmapGetFirstSet))
<BR><BR>[Stack]<UL><LI>Max Depth = 4<LI>Call Chain = tBitmapGetFirstSet
</UL>
<BR>[Calls]<UL><LI><a href="#[6e]">&gt;&gt;</a>&nbsp;&nbsp;&nbsp;tBitmapPosCount
</UL>
<BR>[Called By]<UL><LI><a href="#[6b]">&gt;&gt;</a>&nbsp;&nbsp;&nbsp;tTaskHighestReady
</UL>

<P><STRONG><a name="[7d]"></a>tBitmapInit</STRONG> (Thumb, 6 bytes, Stack size 0 bytes, tbitmap.o(i.tBitmapInit))
<BR><BR>[Called By]<UL><LI><a href="#[67]">&gt;&gt;</a>&nbsp;&nbsp;&nbsp;tTaskSchedInit
</UL>

<P><STRONG><a name="[6e]"></a>tBitmapPosCount</STRONG> (Thumb, 4 bytes, Stack size 0 bytes, tbitmap.o(i.tBitmapPosCount))
<BR><BR>[Called By]<UL><LI><a href="#[6d]">&gt;&gt;</a>&nbsp;&nbsp;&nbsp;tBitmapGetFirstSet
</UL>

<P><STRONG><a name="[7f]"></a>tBitmapSet</STRONG> (Thumb, 12 bytes, Stack size 0 bytes, tbitmap.o(i.tBitmapSet))
<BR><BR>[Called By]<UL><LI><a href="#[79]">&gt;&gt;</a>&nbsp;&nbsp;&nbsp;tTaskSchedRdy
</UL>

<P><STRONG><a name="[6f]"></a>tEventRemoveTask</STRONG> (Thumb, 54 bytes, Stack size 24 bytes, tevent.o(i.tEventRemoveTask))
<BR><BR>[Stack]<UL><LI>Max Depth = 24<LI>Call Chain = tEventRemoveTask
</UL>
<BR>[Calls]<UL><LI><a href="#[65]">&gt;&gt;</a>&nbsp;&nbsp;&nbsp;tTaskExitCritical
<LI><a href="#[64]">&gt;&gt;</a>&nbsp;&nbsp;&nbsp;tTaskEnterCritical
<LI><a href="#[70]">&gt;&gt;</a>&nbsp;&nbsp;&nbsp;tListRemove
</UL>
<BR>[Called By]<UL><LI><a href="#[5f]">&gt;&gt;</a>&nbsp;&nbsp;&nbsp;tTaskSystemTickHandler
</UL>

<P><STRONG><a name="[66]"></a>tHooksCpuIdle</STRONG> (Thumb, 2 bytes, Stack size 0 bytes, thooks.o(i.tHooksCpuIdle))
<BR><BR>[Called By]<UL><LI><a href="#[44]">&gt;&gt;</a>&nbsp;&nbsp;&nbsp;idleTaskEntry
</UL>

<P><STRONG><a name="[84]"></a>tHooksSysTick</STRONG> (Thumb, 2 bytes, Stack size 0 bytes, thooks.o(i.tHooksSysTick))
<BR><BR>[Called By]<UL><LI><a href="#[5f]">&gt;&gt;</a>&nbsp;&nbsp;&nbsp;tTaskSystemTickHandler
</UL>

<P><STRONG><a name="[7a]"></a>tHooksTaskInit</STRONG> (Thumb, 2 bytes, Stack size 0 bytes, thooks.o(i.tHooksTaskInit))
<BR><BR>[Called By]<UL><LI><a href="#[6a]">&gt;&gt;</a>&nbsp;&nbsp;&nbsp;tTaskInit
</UL>

<P><STRONG><a name="[7b]"></a>tHooksTaskSwitch</STRONG> (Thumb, 2 bytes, Stack size 0 bytes, thooks.o(i.tHooksTaskSwitch))
<BR><BR>[Called By]<UL><LI><a href="#[74]">&gt;&gt;</a>&nbsp;&nbsp;&nbsp;tTaskSched
</UL>

<P><STRONG><a name="[61]"></a>tInitApp</STRONG> (Thumb, 100 bytes, Stack size 16 bytes, app.o(i.tInitApp))
<BR><BR>[Stack]<UL><LI>Max Depth = 56<LI>Call Chain = tInitApp &rArr; tTaskInit &rArr; tTaskSchedRdy
</UL>
<BR>[Calls]<UL><LI><a href="#[6a]">&gt;&gt;</a>&nbsp;&nbsp;&nbsp;tTaskInit
</UL>
<BR>[Called By]<UL><LI><a href="#[44]">&gt;&gt;</a>&nbsp;&nbsp;&nbsp;idleTaskEntry
</UL>

<P><STRONG><a name="[7e]"></a>tListAddLast</STRONG> (Thumb, 20 bytes, Stack size 0 bytes, tlist.o(i.tListAddLast))
<BR><BR>[Called By]<UL><LI><a href="#[72]">&gt;&gt;</a>&nbsp;&nbsp;&nbsp;tTimeTaskWait
<LI><a href="#[5f]">&gt;&gt;</a>&nbsp;&nbsp;&nbsp;tTaskSystemTickHandler
<LI><a href="#[79]">&gt;&gt;</a>&nbsp;&nbsp;&nbsp;tTaskSchedRdy
</UL>

<P><STRONG><a name="[80]"></a>tListCount</STRONG> (Thumb, 6 bytes, Stack size 0 bytes, tlist.o(i.tListCount))
<BR><BR>[Called By]<UL><LI><a href="#[5f]">&gt;&gt;</a>&nbsp;&nbsp;&nbsp;tTaskSystemTickHandler
<LI><a href="#[73]">&gt;&gt;</a>&nbsp;&nbsp;&nbsp;tTaskSchedUnRdy
</UL>

<P><STRONG><a name="[76]"></a>tListFirst</STRONG> (Thumb, 12 bytes, Stack size 0 bytes, tlist.o(i.tListFirst))
<BR><BR>[Called By]<UL><LI><a href="#[6b]">&gt;&gt;</a>&nbsp;&nbsp;&nbsp;tTaskHighestReady
</UL>

<P><STRONG><a name="[75]"></a>tListInit</STRONG> (Thumb, 10 bytes, Stack size 0 bytes, tlist.o(i.tListInit))
<BR><BR>[Called By]<UL><LI><a href="#[67]">&gt;&gt;</a>&nbsp;&nbsp;&nbsp;tTaskSchedInit
<LI><a href="#[68]">&gt;&gt;</a>&nbsp;&nbsp;&nbsp;tTaskDelayedInit
</UL>

<P><STRONG><a name="[70]"></a>tListRemove</STRONG> (Thumb, 20 bytes, Stack size 0 bytes, tlist.o(i.tListRemove))
<BR><BR>[Called By]<UL><LI><a href="#[6f]">&gt;&gt;</a>&nbsp;&nbsp;&nbsp;tEventRemoveTask
<LI><a href="#[82]">&gt;&gt;</a>&nbsp;&nbsp;&nbsp;tTimeTaskWakeUp
<LI><a href="#[73]">&gt;&gt;</a>&nbsp;&nbsp;&nbsp;tTaskSchedUnRdy
</UL>

<P><STRONG><a name="[83]"></a>tListRemoveFirst</STRONG> (Thumb, 26 bytes, Stack size 0 bytes, tlist.o(i.tListRemoveFirst))
<BR><BR>[Called By]<UL><LI><a href="#[5f]">&gt;&gt;</a>&nbsp;&nbsp;&nbsp;tTaskSystemTickHandler
</UL>

<P><STRONG><a name="[78]"></a>tNodeInit</STRONG> (Thumb, 6 bytes, Stack size 0 bytes, tlist.o(i.tNodeInit))
<BR><BR>[Called By]<UL><LI><a href="#[6a]">&gt;&gt;</a>&nbsp;&nbsp;&nbsp;tTaskInit
</UL>

<P><STRONG><a name="[62]"></a>tSetSysTickPeriod</STRONG> (Thumb, 74 bytes, Stack size 12 bytes, tcpu.o(i.tSetSysTickPeriod))
<BR><BR>[Stack]<UL><LI>Max Depth = 12<LI>Call Chain = tSetSysTickPeriod
</UL>
<BR>[Called By]<UL><LI><a href="#[44]">&gt;&gt;</a>&nbsp;&nbsp;&nbsp;idleTaskEntry
</UL>

<P><STRONG><a name="[71]"></a>tTaskDelay</STRONG> (Thumb, 40 bytes, Stack size 16 bytes, ttime.o(i.tTaskDelay))
<BR><BR>[Stack]<UL><LI>Max Depth = 52<LI>Call Chain = tTaskDelay &rArr; tTaskSched &rArr; tTaskHighestReady &rArr; tBitmapGetFirstSet
</UL>
<BR>[Calls]<UL><LI><a href="#[65]">&gt;&gt;</a>&nbsp;&nbsp;&nbsp;tTaskExitCritical
<LI><a href="#[64]">&gt;&gt;</a>&nbsp;&nbsp;&nbsp;tTaskEnterCritical
<LI><a href="#[72]">&gt;&gt;</a>&nbsp;&nbsp;&nbsp;tTimeTaskWait
<LI><a href="#[73]">&gt;&gt;</a>&nbsp;&nbsp;&nbsp;tTaskSchedUnRdy
<LI><a href="#[74]">&gt;&gt;</a>&nbsp;&nbsp;&nbsp;tTaskSched
</UL>
<BR>[Called By]<UL><LI><a href="#[48]">&gt;&gt;</a>&nbsp;&nbsp;&nbsp;task4Entry
<LI><a href="#[47]">&gt;&gt;</a>&nbsp;&nbsp;&nbsp;task3Entry
<LI><a href="#[46]">&gt;&gt;</a>&nbsp;&nbsp;&nbsp;task2Entry
<LI><a href="#[45]">&gt;&gt;</a>&nbsp;&nbsp;&nbsp;task1Entry
</UL>

<P><STRONG><a name="[68]"></a>tTaskDelayedInit</STRONG> (Thumb, 10 bytes, Stack size 8 bytes, main.o(i.tTaskDelayedInit))
<BR><BR>[Stack]<UL><LI>Max Depth = 8<LI>Call Chain = tTaskDelayedInit
</UL>
<BR>[Calls]<UL><LI><a href="#[75]">&gt;&gt;</a>&nbsp;&nbsp;&nbsp;tListInit
</UL>
<BR>[Called By]<UL><LI><a href="#[55]">&gt;&gt;</a>&nbsp;&nbsp;&nbsp;main
</UL>

<P><STRONG><a name="[64]"></a>tTaskEnterCritical</STRONG> (Thumb, 12 bytes, Stack size 0 bytes, switch.o(i.tTaskEnterCritical))
<BR><BR>[Called By]<UL><LI><a href="#[6f]">&gt;&gt;</a>&nbsp;&nbsp;&nbsp;tEventRemoveTask
<LI><a href="#[5f]">&gt;&gt;</a>&nbsp;&nbsp;&nbsp;tTaskSystemTickHandler
<LI><a href="#[63]">&gt;&gt;</a>&nbsp;&nbsp;&nbsp;tTaskSchedEnable
<LI><a href="#[60]">&gt;&gt;</a>&nbsp;&nbsp;&nbsp;tTaskSchedDisable
<LI><a href="#[74]">&gt;&gt;</a>&nbsp;&nbsp;&nbsp;tTaskSched
<LI><a href="#[44]">&gt;&gt;</a>&nbsp;&nbsp;&nbsp;idleTaskEntry
<LI><a href="#[71]">&gt;&gt;</a>&nbsp;&nbsp;&nbsp;tTaskDelay
</UL>

<P><STRONG><a name="[65]"></a>tTaskExitCritical</STRONG> (Thumb, 10 bytes, Stack size 0 bytes, switch.o(i.tTaskExitCritical))
<BR><BR>[Called By]<UL><LI><a href="#[6f]">&gt;&gt;</a>&nbsp;&nbsp;&nbsp;tEventRemoveTask
<LI><a href="#[5f]">&gt;&gt;</a>&nbsp;&nbsp;&nbsp;tTaskSystemTickHandler
<LI><a href="#[63]">&gt;&gt;</a>&nbsp;&nbsp;&nbsp;tTaskSchedEnable
<LI><a href="#[60]">&gt;&gt;</a>&nbsp;&nbsp;&nbsp;tTaskSchedDisable
<LI><a href="#[74]">&gt;&gt;</a>&nbsp;&nbsp;&nbsp;tTaskSched
<LI><a href="#[44]">&gt;&gt;</a>&nbsp;&nbsp;&nbsp;idleTaskEntry
<LI><a href="#[71]">&gt;&gt;</a>&nbsp;&nbsp;&nbsp;tTaskDelay
</UL>

<P><STRONG><a name="[6b]"></a>tTaskHighestReady</STRONG> (Thumb, 32 bytes, Stack size 16 bytes, main.o(i.tTaskHighestReady))
<BR><BR>[Stack]<UL><LI>Max Depth = 20<LI>Call Chain = tTaskHighestReady &rArr; tBitmapGetFirstSet
</UL>
<BR>[Calls]<UL><LI><a href="#[76]">&gt;&gt;</a>&nbsp;&nbsp;&nbsp;tListFirst
<LI><a href="#[6d]">&gt;&gt;</a>&nbsp;&nbsp;&nbsp;tBitmapGetFirstSet
</UL>
<BR>[Called By]<UL><LI><a href="#[74]">&gt;&gt;</a>&nbsp;&nbsp;&nbsp;tTaskSched
<LI><a href="#[55]">&gt;&gt;</a>&nbsp;&nbsp;&nbsp;main
</UL>

<P><STRONG><a name="[6a]"></a>tTaskInit</STRONG> (Thumb, 226 bytes, Stack size 32 bytes, ttask.o(i.tTaskInit))
<BR><BR>[Stack]<UL><LI>Max Depth = 40<LI>Call Chain = tTaskInit &rArr; tTaskSchedRdy
</UL>
<BR>[Calls]<UL><LI><a href="#[77]">&gt;&gt;</a>&nbsp;&nbsp;&nbsp;__aeabi_memclr4
<LI><a href="#[78]">&gt;&gt;</a>&nbsp;&nbsp;&nbsp;tNodeInit
<LI><a href="#[7a]">&gt;&gt;</a>&nbsp;&nbsp;&nbsp;tHooksTaskInit
<LI><a href="#[79]">&gt;&gt;</a>&nbsp;&nbsp;&nbsp;tTaskSchedRdy
</UL>
<BR>[Called By]<UL><LI><a href="#[55]">&gt;&gt;</a>&nbsp;&nbsp;&nbsp;main
<LI><a href="#[61]">&gt;&gt;</a>&nbsp;&nbsp;&nbsp;tInitApp
</UL>

<P><STRONG><a name="[6c]"></a>tTaskRunFirst</STRONG> (Thumb, 24 bytes, Stack size 0 bytes, switch.o(i.tTaskRunFirst))
<BR><BR>[Called By]<UL><LI><a href="#[55]">&gt;&gt;</a>&nbsp;&nbsp;&nbsp;main
</UL>

<P><STRONG><a name="[74]"></a>tTaskSched</STRONG> (Thumb, 66 bytes, Stack size 16 bytes, main.o(i.tTaskSched))
<BR><BR>[Stack]<UL><LI>Max Depth = 36<LI>Call Chain = tTaskSched &rArr; tTaskHighestReady &rArr; tBitmapGetFirstSet
</UL>
<BR>[Calls]<UL><LI><a href="#[7c]">&gt;&gt;</a>&nbsp;&nbsp;&nbsp;tTaskSwitch
<LI><a href="#[65]">&gt;&gt;</a>&nbsp;&nbsp;&nbsp;tTaskExitCritical
<LI><a href="#[64]">&gt;&gt;</a>&nbsp;&nbsp;&nbsp;tTaskEnterCritical
<LI><a href="#[7b]">&gt;&gt;</a>&nbsp;&nbsp;&nbsp;tHooksTaskSwitch
<LI><a href="#[6b]">&gt;&gt;</a>&nbsp;&nbsp;&nbsp;tTaskHighestReady
</UL>
<BR>[Called By]<UL><LI><a href="#[5f]">&gt;&gt;</a>&nbsp;&nbsp;&nbsp;tTaskSystemTickHandler
<LI><a href="#[63]">&gt;&gt;</a>&nbsp;&nbsp;&nbsp;tTaskSchedEnable
<LI><a href="#[71]">&gt;&gt;</a>&nbsp;&nbsp;&nbsp;tTaskDelay
</UL>

<P><STRONG><a name="[60]"></a>tTaskSchedDisable</STRONG> (Thumb, 34 bytes, Stack size 8 bytes, main.o(i.tTaskSchedDisable))
<BR><BR>[Stack]<UL><LI>Max Depth = 8<LI>Call Chain = tTaskSchedDisable
</UL>
<BR>[Calls]<UL><LI><a href="#[65]">&gt;&gt;</a>&nbsp;&nbsp;&nbsp;tTaskExitCritical
<LI><a href="#[64]">&gt;&gt;</a>&nbsp;&nbsp;&nbsp;tTaskEnterCritical
</UL>
<BR>[Called By]<UL><LI><a href="#[44]">&gt;&gt;</a>&nbsp;&nbsp;&nbsp;idleTaskEntry
</UL>

<P><STRONG><a name="[63]"></a>tTaskSchedEnable</STRONG> (Thumb, 42 bytes, Stack size 8 bytes, main.o(i.tTaskSchedEnable))
<BR><BR>[Stack]<UL><LI>Max Depth = 44<LI>Call Chain = tTaskSchedEnable &rArr; tTaskSched &rArr; tTaskHighestReady &rArr; tBitmapGetFirstSet
</UL>
<BR>[Calls]<UL><LI><a href="#[65]">&gt;&gt;</a>&nbsp;&nbsp;&nbsp;tTaskExitCritical
<LI><a href="#[64]">&gt;&gt;</a>&nbsp;&nbsp;&nbsp;tTaskEnterCritical
<LI><a href="#[74]">&gt;&gt;</a>&nbsp;&nbsp;&nbsp;tTaskSched
</UL>
<BR>[Called By]<UL><LI><a href="#[44]">&gt;&gt;</a>&nbsp;&nbsp;&nbsp;idleTaskEntry
</UL>

<P><STRONG><a name="[67]"></a>tTaskSchedInit</STRONG> (Thumb, 42 bytes, Stack size 8 bytes, main.o(i.tTaskSchedInit))
<BR><BR>[Stack]<UL><LI>Max Depth = 8<LI>Call Chain = tTaskSchedInit
</UL>
<BR>[Calls]<UL><LI><a href="#[75]">&gt;&gt;</a>&nbsp;&nbsp;&nbsp;tListInit
<LI><a href="#[7d]">&gt;&gt;</a>&nbsp;&nbsp;&nbsp;tBitmapInit
</UL>
<BR>[Called By]<UL><LI><a href="#[55]">&gt;&gt;</a>&nbsp;&nbsp;&nbsp;main
</UL>

<P><STRONG><a name="[79]"></a>tTaskSchedRdy</STRONG> (Thumb, 34 bytes, Stack size 8 bytes, main.o(i.tTaskSchedRdy))
<BR><BR>[Stack]<UL><LI>Max Depth = 8<LI>Call Chain = tTaskSchedRdy
</UL>
<BR>[Calls]<UL><LI><a href="#[7e]">&gt;&gt;</a>&nbsp;&nbsp;&nbsp;tListAddLast
<LI><a href="#[7f]">&gt;&gt;</a>&nbsp;&nbsp;&nbsp;tBitmapSet
</UL>
<BR>[Called By]<UL><LI><a href="#[5f]">&gt;&gt;</a>&nbsp;&nbsp;&nbsp;tTaskSystemTickHandler
<LI><a href="#[6a]">&gt;&gt;</a>&nbsp;&nbsp;&nbsp;tTaskInit
</UL>

<P><STRONG><a name="[73]"></a>tTaskSchedUnRdy</STRONG> (Thumb, 52 bytes, Stack size 8 bytes, main.o(i.tTaskSchedUnRdy))
<BR><BR>[Stack]<UL><LI>Max Depth = 8<LI>Call Chain = tTaskSchedUnRdy
</UL>
<BR>[Calls]<UL><LI><a href="#[70]">&gt;&gt;</a>&nbsp;&nbsp;&nbsp;tListRemove
<LI><a href="#[80]">&gt;&gt;</a>&nbsp;&nbsp;&nbsp;tListCount
<LI><a href="#[81]">&gt;&gt;</a>&nbsp;&nbsp;&nbsp;tBitmapClear
</UL>
<BR>[Called By]<UL><LI><a href="#[71]">&gt;&gt;</a>&nbsp;&nbsp;&nbsp;tTaskDelay
</UL>

<P><STRONG><a name="[7c]"></a>tTaskSwitch</STRONG> (Thumb, 10 bytes, Stack size 0 bytes, switch.o(i.tTaskSwitch))
<BR><BR>[Called By]<UL><LI><a href="#[74]">&gt;&gt;</a>&nbsp;&nbsp;&nbsp;tTaskSched
</UL>

<P><STRONG><a name="[5f]"></a>tTaskSystemTickHandler</STRONG> (Thumb, 178 bytes, Stack size 16 bytes, main.o(i.tTaskSystemTickHandler))
<BR><BR>[Stack]<UL><LI>Max Depth = 52<LI>Call Chain = tTaskSystemTickHandler &rArr; tTaskSched &rArr; tTaskHighestReady &rArr; tBitmapGetFirstSet
</UL>
<BR>[Calls]<UL><LI><a href="#[65]">&gt;&gt;</a>&nbsp;&nbsp;&nbsp;tTaskExitCritical
<LI><a href="#[64]">&gt;&gt;</a>&nbsp;&nbsp;&nbsp;tTaskEnterCritical
<LI><a href="#[83]">&gt;&gt;</a>&nbsp;&nbsp;&nbsp;tListRemoveFirst
<LI><a href="#[80]">&gt;&gt;</a>&nbsp;&nbsp;&nbsp;tListCount
<LI><a href="#[7e]">&gt;&gt;</a>&nbsp;&nbsp;&nbsp;tListAddLast
<LI><a href="#[84]">&gt;&gt;</a>&nbsp;&nbsp;&nbsp;tHooksSysTick
<LI><a href="#[6f]">&gt;&gt;</a>&nbsp;&nbsp;&nbsp;tEventRemoveTask
<LI><a href="#[82]">&gt;&gt;</a>&nbsp;&nbsp;&nbsp;tTimeTaskWakeUp
<LI><a href="#[79]">&gt;&gt;</a>&nbsp;&nbsp;&nbsp;tTaskSchedRdy
<LI><a href="#[74]">&gt;&gt;</a>&nbsp;&nbsp;&nbsp;tTaskSched
</UL>
<BR>[Called By]<UL><LI><a href="#[c]">&gt;&gt;</a>&nbsp;&nbsp;&nbsp;SysTick_Handler
</UL>

<P><STRONG><a name="[72]"></a>tTimeTaskWait</STRONG> (Thumb, 28 bytes, Stack size 16 bytes, main.o(i.tTimeTaskWait))
<BR><BR>[Stack]<UL><LI>Max Depth = 16<LI>Call Chain = tTimeTaskWait
</UL>
<BR>[Calls]<UL><LI><a href="#[7e]">&gt;&gt;</a>&nbsp;&nbsp;&nbsp;tListAddLast
</UL>
<BR>[Called By]<UL><LI><a href="#[71]">&gt;&gt;</a>&nbsp;&nbsp;&nbsp;tTaskDelay
</UL>

<P><STRONG><a name="[82]"></a>tTimeTaskWakeUp</STRONG> (Thumb, 24 bytes, Stack size 8 bytes, main.o(i.tTimeTaskWakeUp))
<BR><BR>[Stack]<UL><LI>Max Depth = 8<LI>Call Chain = tTimeTaskWakeUp
</UL>
<BR>[Calls]<UL><LI><a href="#[70]">&gt;&gt;</a>&nbsp;&nbsp;&nbsp;tListRemove
</UL>
<BR>[Called By]<UL><LI><a href="#[5f]">&gt;&gt;</a>&nbsp;&nbsp;&nbsp;tTaskSystemTickHandler
</UL>

<P><STRONG><a name="[69]"></a>tTimeTickInit</STRONG> (Thumb, 8 bytes, Stack size 0 bytes, main.o(i.tTimeTickInit))
<BR><BR>[Called By]<UL><LI><a href="#[55]">&gt;&gt;</a>&nbsp;&nbsp;&nbsp;main
</UL>

<P><STRONG><a name="[45]"></a>task1Entry</STRONG> (Thumb, 28 bytes, Stack size 0 bytes, app.o(i.task1Entry))
<BR><BR>[Stack]<UL><LI>Max Depth = 52<LI>Call Chain = task1Entry &rArr; tTaskDelay &rArr; tTaskSched &rArr; tTaskHighestReady &rArr; tBitmapGetFirstSet
</UL>
<BR>[Calls]<UL><LI><a href="#[71]">&gt;&gt;</a>&nbsp;&nbsp;&nbsp;tTaskDelay
</UL>
<BR>[Address Reference Count : 1]<UL><LI> app.o(i.tInitApp)
</UL>
<P><STRONG><a name="[46]"></a>task2Entry</STRONG> (Thumb, 26 bytes, Stack size 0 bytes, app.o(i.task2Entry))
<BR><BR>[Stack]<UL><LI>Max Depth = 52<LI>Call Chain = task2Entry &rArr; tTaskDelay &rArr; tTaskSched &rArr; tTaskHighestReady &rArr; tBitmapGetFirstSet
</UL>
<BR>[Calls]<UL><LI><a href="#[71]">&gt;&gt;</a>&nbsp;&nbsp;&nbsp;tTaskDelay
</UL>
<BR>[Address Reference Count : 1]<UL><LI> app.o(i.tInitApp)
</UL>
<P><STRONG><a name="[47]"></a>task3Entry</STRONG> (Thumb, 26 bytes, Stack size 0 bytes, app.o(i.task3Entry))
<BR><BR>[Stack]<UL><LI>Max Depth = 52<LI>Call Chain = task3Entry &rArr; tTaskDelay &rArr; tTaskSched &rArr; tTaskHighestReady &rArr; tBitmapGetFirstSet
</UL>
<BR>[Calls]<UL><LI><a href="#[71]">&gt;&gt;</a>&nbsp;&nbsp;&nbsp;tTaskDelay
</UL>
<BR>[Address Reference Count : 1]<UL><LI> app.o(i.tInitApp)
</UL>
<P><STRONG><a name="[48]"></a>task4Entry</STRONG> (Thumb, 26 bytes, Stack size 0 bytes, app.o(i.task4Entry))
<BR><BR>[Stack]<UL><LI>Max Depth = 52<LI>Call Chain = task4Entry &rArr; tTaskDelay &rArr; tTaskSched &rArr; tTaskHighestReady &rArr; tBitmapGetFirstSet
</UL>
<BR>[Calls]<UL><LI><a href="#[71]">&gt;&gt;</a>&nbsp;&nbsp;&nbsp;tTaskDelay
</UL>
<BR>[Address Reference Count : 1]<UL><LI> app.o(i.tInitApp)
</UL><P>
<H3>
Local Symbols
</H3>
<P><STRONG><a name="[5d]"></a>SetSysClock</STRONG> (Thumb, 8 bytes, Stack size 8 bytes, system_stm32f10x.o(i.SetSysClock))
<BR><BR>[Stack]<UL><LI>Max Depth = 20<LI>Call Chain = SetSysClock &rArr; SetSysClockTo24
</UL>
<BR>[Calls]<UL><LI><a href="#[5e]">&gt;&gt;</a>&nbsp;&nbsp;&nbsp;SetSysClockTo24
</UL>
<BR>[Called By]<UL><LI><a href="#[42]">&gt;&gt;</a>&nbsp;&nbsp;&nbsp;SystemInit
</UL>

<P><STRONG><a name="[5e]"></a>SetSysClockTo24</STRONG> (Thumb, 178 bytes, Stack size 12 bytes, system_stm32f10x.o(i.SetSysClockTo24))
<BR><BR>[Stack]<UL><LI>Max Depth = 12<LI>Call Chain = SetSysClockTo24
</UL>
<BR>[Called By]<UL><LI><a href="#[5d]">&gt;&gt;</a>&nbsp;&nbsp;&nbsp;SetSysClock
</UL>
<P>
<H3>
Undefined Global Symbols
</H3><HR></body></html>
